#
# A fatal error has been detected by the Java Runtime Environment:
#
#  SIGSEGV (0xb) at pc=0x00007fea2bf1f3f4, pid=6015, tid=6031
#
# JRE version: OpenJDK Runtime Environment (25.0.2) (build 25.0.2)
# Java VM: OpenJDK 64-Bit Server VM (25.0.2, mixed mode, sharing, tiered, compressed oops, compressed class ptrs, g1 gc, linux-amd64)
# Problematic frame:
# C  [libinspector.so+0x13f4]  pthread_mutex_lock+0x61
#
# Core dump will be written. Default location: Core dumps may be processed with "/usr/lib/systemd/systemd-coredump %P %u %g %s %t %c %h %d %F" (or dumping to /home/geoff/memory-managment-projects/deadlock-interceptor/core.6015)
#
# If you would like to submit a bug report, please visit:
#   https://bugreport.java.com/bugreport/crash.jsp
#

---------------  S U M M A R Y ------------

Command Line: Main

Host: 11th Gen Intel(R) Core(TM) i5-1135G7 @ 2.40GHz, 128 cores, 3G, Arch Linux
Time: Wed Feb  4 16:54:15 2026 UTC elapsed time: 197.958553 seconds (0d 0h 3m 17s)

---------------  T H R E A D  ---------------

Current thread (0x00007fea240d9320):  JavaThread "C1 CompilerThread0" daemon [_thread_in_vm, id=6031, stack(0x00007fe9fdf00000,0x00007fe9fe000000) (1024K)]


Current CompileTask:
C1:197958   48       3       java.nio.Buffer::checkIndex (12 bytes)

Stack: [0x00007fe9fdf00000,0x00007fe9fe000000],  sp=0x00007fe9fdffdd80,  free space=1015k
Native frames: (J=compiled Java code, j=interpreted, Vv=VM code, C=native code)
C  [libinspector.so+0x13f4]  pthread_mutex_lock+0x61
V  [libjvm.so+0xa159f1]
V  [libjvm.so+0x3a7312]
V  [libjvm.so+0x381fff]
V  [libjvm.so+0x2acf2c]
V  [libjvm.so+0x436c87]
V  [libjvm.so+0x6bcccf]
V  [libjvm.so+0xa568b9]
C  [libc.so.6+0x9698b]

siginfo: si_signo: 11 (SIGSEGV), si_code: 1 (SEGV_MAPERR), si_addr: 0x0000000000000008

Registers:
RAX=0x0000000000000000, RBX=0x00007fe9d001d670, RCX=0x00000000000000e0, RDX=0x00000000000007f0
RSP=0x00007fe9fdffdd80, RBP=0x00007fe9fdffddb0, RSI=0x00007fea2bf1f189, RDI=0x00007fe9d001d678
R8 =0x00007fe9d001d678, R9 =0x00007fea2b5d59a4, R10=0x0000000000000070, R11=0xffffffffffffffc0
R12=0x00007fea240d9320, R13=0x0000000000000000, R14=0x00007fe9ec034a88, R15=0x00007fea2b5697f8
RIP=0x00007fea2bf1f3f4, EFLAGS=0x0000000000010212, CSGSFS=0x002b000000000033, ERR=0x0000000000000004
  TRAPNO=0x000000000000000e

XMM[0]=0x636f6c5f61746144 0x61727478454f444d
XMM[1]=0x006b636f6c5f6174 0x614461727478454f
XMM[2]=0x0000000000000000 0x00007fe9ec034b58
XMM[3]=0x0000000000000000 0x408f400000000000
XMM[4]=0x0000000000000000 0x00007fe9fdffe220
XMM[5]=0x0000000000000000 0x0000000000000048
XMM[6]=0x0000000000000000 0x4059000000000000
XMM[7]=0x00007fea2b35bcaf 0x00007fe9fdffe540
XMM[8]=0x0000000000000002 0x0000000000000002
XMM[9]=0xffffffffffffffff 0xffffffffffffffff
XMM[10]=0x0000000000000001 0x0000000000000001
XMM[11]=0x0000000000000000 0x402c000000000000
XMM[12]=0x0000000000000000 0xffffffffffffffff
XMM[13]=0x0000000000ff00fb 0x0000000000fe00fa
XMM[14]=0x0000000000000000 0x0000000000000000
XMM[15]=0x0000000000000000 0x0000000000000000
  MXCSR=0x00001fa2


Register to memory mapping:

RAX=0x0 is null
RBX=0x00007fe9d001d670 points into unknown readable memory: 0x0000000000000000 | 00 00 00 00 00 00 00 00
RCX=0x00000000000000e0 is an unknown value
RDX=0x00000000000007f0 is an unknown value
RSP=0x00007fe9fdffdd80 is pointing into the stack for thread: 0x00007fea240d9320
RBP=0x00007fe9fdffddb0 is pointing into the stack for thread: 0x00007fea240d9320
RSI=0x00007fea2bf1f189: <offset 0x0000000000001189> in /home/geoff/memory-managment-projects/deadlock-interceptor/build/libinspector.so at 0x00007fea2bf1e000
RDI=0x00007fe9d001d678 points into unknown readable memory: 0x0000000000000000 | 00 00 00 00 00 00 00 00
R8 =0x00007fe9d001d678 points into unknown readable memory: 0x0000000000000000 | 00 00 00 00 00 00 00 00
R9 =0x00007fea2b5d59a4: <offset 0x00000000011d59a4> in /usr/lib/jvm/java-25-openjdk/lib/server/libjvm.so at 0x00007fea2a400000
R10=0x0000000000000070 is an unknown value
R11=0xffffffffffffffc0 is an unknown value
R12=0x00007fea240d9320 is a thread
R13=0x0 is null
R14=0x00007fe9ec034a88 is pointing into metadata
R15=0x00007fea2b5697f8: <offset 0x00000000011697f8> in /usr/lib/jvm/java-25-openjdk/lib/server/libjvm.so at 0x00007fea2a400000

Top of Stack: (sp=0x00007fe9fdffdd80)
0x00007fe9fdffdd80:   00007fe9fdffdda0 00007fe9d001d678   ........x.......
0x00007fe9fdffdd90:   00007fe9d000d138 00007fe9fdfff6c0   8...............
0x00007fe9fdffdda0:   00007fea2bf22980 0000000000000000   .).+............
0x00007fe9fdffddb0:   00007fe9fdffddd0 00007fea2ae159f1   .........Y.*....
0x00007fe9fdffddc0:   00007fe9d000d138 00007fe9ec034a88   8........J......
0x00007fe9fdffddd0:   00007fe9fdffdef0 00007fea2a7a7312   .........sz*....
0x00007fe9fdffdde0:   00007fe9fdffdf30 00007fea2a7a36a6   0........6z*....
0x00007fe9fdffddf0:   000000001a1bc600 00007fe9d001d670   ........p.......
0x00007fe9fdffde00:   00007fea240d7320 00007fea2ae0707b    s.$....{p.*....
0x00007fe9fdffde10:   ffffffff0000000f 00007fe9ec034a88   .........J......
0x00007fe9fdffde20:   00007fea240d7320 00007fe9d003e6c0    s.$............
0x00007fe9fdffde30:   00007fe9d0041fc0 00007fe9d00466b0   .........f......
0x00007fe9fdffde40:   00000000000083b0 000000001a1bc600   ................
0x00007fe9fdffde50:   00000000fdffe220 00007fe9ec034a88    ........J......
0x00007fe9fdffde60:   00007fe9d001c308 00007fe9d000a4f8   ................
0x00007fe9fdffde70:   00007fe9fdffdf30 00007fe9d000a4f8   0...............
0x00007fe9fdffde80:   00007fe9fdffdeb0 00007fea2a7a447b   ........{Dz*....
0x00007fe9fdffde90:   00007fea000000a3 00007fe9000000a3   ................
0x00007fe9fdffdea0:   00007fe9fdffdf30 00007fea240d9320   0....... ..$....
0x00007fe9fdffdeb0:   00007fe9fdffdef0 00007fea2a77bf1b   ..........w*....
0x00007fe9fdffdec0:   00007fea240d7320 00007fe9d000a4f8    s.$............
0x00007fe9fdffded0:   00007fe9d000a4f8 00007fe9d000a4f8   ................
0x00007fe9fdffdee0:   0000000000000000 00007fe9fdffe140   ........@.......
0x00007fe9fdffdef0:   00007fe9fdffdf50 00007fea2a781fff   P.........x*....
0x00007fe9fdffdf00:   00007fe9d0000ce0 00007fea240d9320   ........ ..$....
0x00007fe9fdffdf10:   00007fea240d9e00 000000001a1bc600   ...$............
0x00007fe9fdffdf20:   00007fea240d9320 00007fea240d7320    ..$.... s.$....
0x00007fe9fdffdf30:   000000001a1bc600 00007fea240d9320   ........ ..$....
0x00007fe9fdffdf40:   0000000000000000 00007fea240d7320   ........ s.$....
0x00007fe9fdffdf50:   00007fe9fdffe430 00007fea2a6acf2c   0.......,.j*....
0x00007fe9fdffdf60:   00007fe9d000a4f8 00007fea240d7320   ........ s.$....
0x00007fe9fdffdf70:   00007fe9fdffe1c8 0000000000000000   ................

Instructions: (pc=0x00007fea2bf1f3f4)
  0x00007fea2bf1f2f4:   00 00 00 00 5d c3 55 48 89 e5 48 83 ec 20 48 89
  0x00007fea2bf1f304:   7d e8 48 89 75 e0 48 8b 45 e0 48 89 c7 e8 c8 fe
  0x00007fea2bf1f314:   ff ff 48 89 45 f0 48 83 7d f0 00 74 0d 48 8b 45
  0x00007fea2bf1f324:   f0 48 8b 40 08 48 85 c0 75 07 b8 00 00 00 00 eb
  0x00007fea2bf1f334:   5c 48 8b 45 f0 48 8b 40 08 48 89 c7 e8 27 ff ff
  0x00007fea2bf1f344:   ff 48 89 45 f8 48 83 7d f8 00 74 0d 48 8b 45 f8
  0x00007fea2bf1f354:   48 8b 40 08 48 85 c0 75 07 b8 00 00 00 00 eb 2d
  0x00007fea2bf1f364:   48 8b 45 f8 48 8b 40 08 48 39 45 e8 75 07 b8 01
  0x00007fea2bf1f374:   00 00 00 eb 18 48 8b 45 f8 48 8b 50 08 48 8b 45
  0x00007fea2bf1f384:   e8 48 89 d6 48 89 c7 e8 6a ff ff ff 90 c9 c3 55
  0x00007fea2bf1f394:   48 89 e5 48 83 ec 30 48 89 7d d8 48 8d 15 e3 fd
  0x00007fea2bf1f3a4:   ff ff 48 8d 05 e3 2c 00 00 48 89 d6 48 89 c7 e8
  0x00007fea2bf1f3b4:   c8 fc ff ff e8 b3 fc ff ff 48 89 45 e8 48 8d 05
  0x00007fea2bf1f3c4:   d8 3c 00 00 48 89 c7 e8 90 fc ff ff 48 8b 45 e8
  0x00007fea2bf1f3d4:   48 89 c7 e8 02 fe ff ff 48 89 45 f0 48 8b 45 d8
  0x00007fea2bf1f3e4:   48 89 c7 e8 80 fe ff ff 48 89 45 f8 48 8b 45 f8
=>0x00007fea2bf1f3f4:   48 8b 40 08 48 85 c0 0f 84 9c 00 00 00 48 8b 45
  0x00007fea2bf1f404:   f8 48 8b 40 08 48 39 45 e8 0f 84 8a 00 00 00 48
  0x00007fea2bf1f414:   8b 45 f0 48 8b 55 d8 48 89 50 08 48 8b 55 e8 48
  0x00007fea2bf1f424:   8b 45 e8 48 89 d6 48 89 c7 e8 c8 fe ff ff 84 c0
  0x00007fea2bf1f434:   74 67 48 8d 05 eb 0b 00 00 48 8b 15 9c 2b 00 00
  0x00007fea2bf1f444:   48 89 c6 48 89 d7 e8 61 fc ff ff 48 89 c2 48 8b
  0x00007fea2bf1f454:   45 e8 48 89 c6 48 89 d7 e8 df fb ff ff 48 89 c2
  0x00007fea2bf1f464:   48 8d 05 d9 0b 00 00 48 89 c6 48 89 d7 e8 3a fc
  0x00007fea2bf1f474:   ff ff 48 89 c2 48 8b 45 d8 48 89 c6 48 89 d7 e8
  0x00007fea2bf1f484:   c8 fb ff ff 48 89 c2 48 8d 05 c5 0b 00 00 48 89
  0x00007fea2bf1f494:   c6 48 89 d7 e8 13 fc ff ff 48 8d 05 fc 3b 00 00
  0x00007fea2bf1f4a4:   48 89 c7 e8 84 fb ff ff 48 8b 15 cd 2b 00 00 48
  0x00007fea2bf1f4b4:   8b 45 d8 48 89 c7 ff d2 89 45 e4 48 8d 05 da 3b
  0x00007fea2bf1f4c4:   00 00 48 89 c7 e8 92 fb ff ff 48 8b 45 f0 48 c7
  0x00007fea2bf1f4d4:   40 08 00 00 00 00 48 8b 45 f8 48 8b 55 e8 48 89
  0x00007fea2bf1f4e4:   50 08 48 8d 05 b3 3b 00 00 48 89 c7 e8 3b fb ff


Stack slot to memory mapping:

stack at sp + 0 slots: 0x00007fe9fdffdda0 is pointing into the stack for thread: 0x00007fea240d9320
stack at sp + 1 slots: 0x00007fe9d001d678 points into unknown readable memory: 0x0000000000000000 | 00 00 00 00 00 00 00 00
stack at sp + 2 slots: 0x00007fe9d000d138 points into unknown readable memory: 0x00007fea2b568440 | 40 84 56 2b ea 7f 00 00
stack at sp + 3 slots: 0x00007fe9fdfff6c0 is pointing into the stack for thread: 0x00007fea240d9320
stack at sp + 4 slots: 0x00007fea2bf22980: <offset 0x0000000000004980> in /home/geoff/memory-managment-projects/deadlock-interceptor/build/libinspector.so at 0x00007fea2bf1e000
stack at sp + 5 slots: 0x0 is null
stack at sp + 6 slots: 0x00007fe9fdffddd0 is pointing into the stack for thread: 0x00007fea240d9320
stack at sp + 7 slots: 0x00007fea2ae159f1: <offset 0x0000000000a159f1> in /usr/lib/jvm/java-25-openjdk/lib/server/libjvm.so at 0x00007fea2a400000

Lock stack of current Java thread (top to bottom):


---------------  P R O C E S S  ---------------

Threads class SMR info:
_java_thread_list=0x00007fe9e000a960, length=13, elements={
0x00007fea24019390, 0x00007fea240b03a0, 0x00007fea240d0ef0, 0x00007fea240d2950,
0x00007fea240d4280, 0x00007fea240d5b10, 0x00007fea240d7920, 0x00007fea240d9320,
0x00007fea240edea0, 0x00007fea240f0460, 0x00007fea240f7df0, 0x00007fea240f9190,
0x00007fe9e00091a0
}
