#
# A fatal error has been detected by the Java Runtime Environment:
#
#  SIGSEGV (0xb) at pc=0x00007fea5b0ba3f4, pid=6695, tid=6711
#
# JRE version: OpenJDK Runtime Environment (25.0.2) (build 25.0.2)
# Java VM: OpenJDK 64-Bit Server VM (25.0.2, mixed mode, sharing, tiered, compressed oops, compressed class ptrs, g1 gc, linux-amd64)
# Problematic frame:
# C  [libinspector.so+0x13f4]  pthread_mutex_lock+0x61
#
# Core dump will be written. Default location: Core dumps may be processed with "/usr/lib/systemd/systemd-coredump %P %u %g %s %t %c %h %d %F" (or dumping to /home/geoff/memory-managment-projects/deadlock-interceptor/build/core.6695)
#
# If you would like to submit a bug report, please visit:
#   https://bugreport.java.com/bugreport/crash.jsp
#

---------------  S U M M A R Y ------------

Command Line: Main

Host: 11th Gen Intel(R) Core(TM) i5-1135G7 @ 2.40GHz, 128 cores, 3G, Arch Linux
Time: Wed Feb  4 17:14:32 2026 UTC elapsed time: 614.985691 seconds (0d 0h 10m 14s)

---------------  T H R E A D  ---------------

Current thread (0x00007fea540d9320):  JavaThread "C1 CompilerThread0" daemon [_thread_in_vm, id=6711, stack(0x00007fea390fe000,0x00007fea391fe000) (1024K)]


Current CompileTask:
C1:614986   47       3       java.nio.Buffer::session (20 bytes)

Stack: [0x00007fea390fe000,0x00007fea391fe000],  sp=0x00007fea391fbd80,  free space=1015k
Native frames: (J=compiled Java code, j=interpreted, Vv=VM code, C=native code)
C  [libinspector.so+0x13f4]  pthread_mutex_lock+0x61
V  [libjvm.so+0xa159f1]
V  [libjvm.so+0x3a7312]
V  [libjvm.so+0x381fff]
V  [libjvm.so+0x2acf2c]
V  [libjvm.so+0x436c87]
V  [libjvm.so+0x6bcccf]
V  [libjvm.so+0xa568b9]
C  [libc.so.6+0x9698b]

siginfo: si_signo: 11 (SIGSEGV), si_code: 1 (SEGV_MAPERR), si_addr: 0x0000000000000008

Registers:
RAX=0x0000000000000000, RBX=0x00007fe9f8009fb0, RCX=0x00000000000000e0, RDX=0x00000000000007f0
RSP=0x00007fea391fbd80, RBP=0x00007fea391fbdb0, RSI=0x00007fea5b0ba189, RDI=0x00007fe9f8009fb8
R8 =0x00007fe9f8009fb8, R9 =0x00007fea5a7d59a4, R10=0x0000000000000070, R11=0xffffffffffffffc0
R12=0x00007fea540d9320, R13=0x0000000000000050, R14=0x00007fea180348b0, R15=0x00007fea5a7697f8
RIP=0x00007fea5b0ba3f4, EFLAGS=0x0000000000010212, CSGSFS=0x002b000000000033, ERR=0x0000000000000004
  TRAPNO=0x000000000000000e

XMM[0]=0x636f6c5f61746144 0x61727478454f444d
XMM[1]=0x006b636f6c5f6174 0x614461727478454f
XMM[2]=0x0000000000000000 0x000000000000000e
XMM[3]=0x0000000000000000 0x408f400000000000
XMM[4]=0x0000000000000000 0x00007fea180349a0
XMM[5]=0x0000000000000000 0x00007fea180349d0
XMM[6]=0x0000000000000000 0x4059000000000000
XMM[7]=0x0000000000000000 0x00007fea18034980
XMM[8]=0x0000000000000002 0x0000000000000002
XMM[9]=0xffffffffffffffff 0xffffffffffffffff
XMM[10]=0x0000000000000001 0x0000000000000001
XMM[11]=0x0000000000000000 0x402c000000000000
XMM[12]=0x0000000000000000 0xffffffffffffffff
XMM[13]=0x0000000000ff00fb 0x0000000000fe00fa
XMM[14]=0x0000000000000000 0x0000000000000000
XMM[15]=0x0000000000000000 0x0000000000000000
  MXCSR=0x00001fa2


Register to memory mapping:

RAX=0x0 is null
RBX=0x00007fe9f8009fb0 points into unknown readable memory: 0x0000000000000000 | 00 00 00 00 00 00 00 00
RCX=0x00000000000000e0 is an unknown value
RDX=0x00000000000007f0 is an unknown value
RSP=0x00007fea391fbd80 is pointing into the stack for thread: 0x00007fea540d9320
RBP=0x00007fea391fbdb0 is pointing into the stack for thread: 0x00007fea540d9320
RSI=0x00007fea5b0ba189: <offset 0x0000000000001189> in /home/geoff/memory-managment-projects/deadlock-interceptor/build/libinspector.so at 0x00007fea5b0b9000
RDI=0x00007fe9f8009fb8 points into unknown readable memory: 0x0000000000000000 | 00 00 00 00 00 00 00 00
R8 =0x00007fe9f8009fb8 points into unknown readable memory: 0x0000000000000000 | 00 00 00 00 00 00 00 00
R9 =0x00007fea5a7d59a4: <offset 0x00000000011d59a4> in /usr/lib/jvm/java-25-openjdk/lib/server/libjvm.so at 0x00007fea59600000
R10=0x0000000000000070 is an unknown value
R11=0xffffffffffffffc0 is an unknown value
R12=0x00007fea540d9320 is a thread
R13=0x0000000000000050 is an unknown value
R14=0x00007fea180348b0 is pointing into metadata
R15=0x00007fea5a7697f8: <offset 0x00000000011697f8> in /usr/lib/jvm/java-25-openjdk/lib/server/libjvm.so at 0x00007fea59600000

Top of Stack: (sp=0x00007fea391fbd80)
0x00007fea391fbd80:   00007fea391fbda0 00007fe9f8009fb8   ...9............
0x00007fea391fbd90:   00007fe9f8018520 00007fea391fd6c0    ..........9....
0x00007fea391fbda0:   00007fea5b0bd980 0000000000000000   ...[............
0x00007fea391fbdb0:   00007fea391fbdd0 00007fea5a0159f1   ...9.....Y.Z....
0x00007fea391fbdc0:   00007fe9f8018520 00007fea180348b0    ........H......
0x00007fea391fbdd0:   00007fea391fbef0 00007fea599a7312   ...9.....s.Y....
0x00007fea391fbde0:   00007fea391fbf30 00007fea599a36a6   0..9.....6.Y....
0x00007fea391fbdf0:   00000000791bc918 00007fe9f8009fb0   ...y............
0x00007fea391fbe00:   00007fea540d7320 00007fea5a00707b    s.T....{p.Z....
0x00007fea391fbe10:   ffffffff0000000f 00007fea180348b0   .........H......
0x00007fea391fbe20:   00007fea540d7320 00007fea08001040    s.T....@.......
0x00007fea391fbe30:   00007fea08004940 00007fea08009030   @I......0.......
0x00007fea391fbe40:   00000000000083b0 00000000791bc918   ...........y....
0x00007fea391fbe50:   00000000391fc220 00007fea180348b0    ..9.....H......
0x00007fea391fbe60:   00007fe9f8008e88 00007fe9f80157f8   .........W......
0x00007fea391fbe70:   00007fea391fbf30 00007fe9f80157f8   0..9.....W......
0x00007fea391fbe80:   00007fea391fbeb0 00007fea599a447b   ...9....{D.Y....
0x00007fea391fbe90:   00007fea000000a3 00007fe9000000a3   ................
0x00007fea391fbea0:   00007fea391fbf30 00007fea540d9320   0..9.... ..T....
0x00007fea391fbeb0:   00007fea391fbef0 00007fea5997bf1b   ...9.......Y....
0x00007fea391fbec0:   00007fea540d7320 00007fe9f80157f8    s.T.....W......
0x00007fea391fbed0:   00007fe9f80157f8 00007fe9f80157f8   .W.......W......
0x00007fea391fbee0:   0000000000000000 00007fea391fc140   ........@..9....
0x00007fea391fbef0:   00007fea391fbf50 00007fea59981fff   P..9.......Y....
0x00007fea391fbf00:   00007fe9f8000ce0 00007fea540d9320   ........ ..T....
0x00007fea391fbf10:   00007fea540d9e00 00000000791bc918   ...T.......y....
0x00007fea391fbf20:   00007fea540d9320 00007fea540d7320    ..T.... s.T....
0x00007fea391fbf30:   00000000791bc918 00007fea540d9320   ...y.... ..T....
0x00007fea391fbf40:   0000000000000000 00007fea540d7320   ........ s.T....
0x00007fea391fbf50:   00007fea391fc430 00007fea598acf2c   0..9....,..Y....
0x00007fea391fbf60:   00007fea080022e8 00007fea540d7320   ."...... s.T....
0x00007fea391fbf70:   00007fea391fc1c8 0000000000000000   ...9............

Instructions: (pc=0x00007fea5b0ba3f4)
  0x00007fea5b0ba2f4:   00 00 00 00 5d c3 55 48 89 e5 48 83 ec 20 48 89
  0x00007fea5b0ba304:   7d e8 48 89 75 e0 48 8b 45 e0 48 89 c7 e8 c8 fe
  0x00007fea5b0ba314:   ff ff 48 89 45 f0 48 83 7d f0 00 74 0d 48 8b 45
  0x00007fea5b0ba324:   f0 48 8b 40 08 48 85 c0 75 07 b8 00 00 00 00 eb
  0x00007fea5b0ba334:   5c 48 8b 45 f0 48 8b 40 08 48 89 c7 e8 27 ff ff
  0x00007fea5b0ba344:   ff 48 89 45 f8 48 83 7d f8 00 74 0d 48 8b 45 f8
  0x00007fea5b0ba354:   48 8b 40 08 48 85 c0 75 07 b8 00 00 00 00 eb 2d
  0x00007fea5b0ba364:   48 8b 45 f8 48 8b 40 08 48 39 45 e8 75 07 b8 01
  0x00007fea5b0ba374:   00 00 00 eb 18 48 8b 45 f8 48 8b 50 08 48 8b 45
  0x00007fea5b0ba384:   e8 48 89 d6 48 89 c7 e8 6a ff ff ff 90 c9 c3 55
  0x00007fea5b0ba394:   48 89 e5 48 83 ec 30 48 89 7d d8 48 8d 15 e3 fd
  0x00007fea5b0ba3a4:   ff ff 48 8d 05 e3 2c 00 00 48 89 d6 48 89 c7 e8
  0x00007fea5b0ba3b4:   c8 fc ff ff e8 b3 fc ff ff 48 89 45 e8 48 8d 05
  0x00007fea5b0ba3c4:   d8 3c 00 00 48 89 c7 e8 90 fc ff ff 48 8b 45 e8
  0x00007fea5b0ba3d4:   48 89 c7 e8 02 fe ff ff 48 89 45 f0 48 8b 45 d8
  0x00007fea5b0ba3e4:   48 89 c7 e8 80 fe ff ff 48 89 45 f8 48 8b 45 f8
=>0x00007fea5b0ba3f4:   48 8b 40 08 48 85 c0 0f 84 9c 00 00 00 48 8b 45
  0x00007fea5b0ba404:   f8 48 8b 40 08 48 39 45 e8 0f 84 8a 00 00 00 48
  0x00007fea5b0ba414:   8b 45 f0 48 8b 55 d8 48 89 50 08 48 8b 55 e8 48
  0x00007fea5b0ba424:   8b 45 e8 48 89 d6 48 89 c7 e8 c8 fe ff ff 84 c0
  0x00007fea5b0ba434:   74 67 48 8d 05 eb 0b 00 00 48 8b 15 9c 2b 00 00
  0x00007fea5b0ba444:   48 89 c6 48 89 d7 e8 61 fc ff ff 48 89 c2 48 8b
  0x00007fea5b0ba454:   45 e8 48 89 c6 48 89 d7 e8 df fb ff ff 48 89 c2
  0x00007fea5b0ba464:   48 8d 05 d9 0b 00 00 48 89 c6 48 89 d7 e8 3a fc
  0x00007fea5b0ba474:   ff ff 48 89 c2 48 8b 45 d8 48 89 c6 48 89 d7 e8
  0x00007fea5b0ba484:   c8 fb ff ff 48 89 c2 48 8d 05 c5 0b 00 00 48 89
  0x00007fea5b0ba494:   c6 48 89 d7 e8 13 fc ff ff 48 8d 05 fc 3b 00 00
  0x00007fea5b0ba4a4:   48 89 c7 e8 84 fb ff ff 48 8b 15 cd 2b 00 00 48
  0x00007fea5b0ba4b4:   8b 45 d8 48 89 c7 ff d2 89 45 e4 48 8d 05 da 3b
  0x00007fea5b0ba4c4:   00 00 48 89 c7 e8 92 fb ff ff 48 8b 45 f0 48 c7
  0x00007fea5b0ba4d4:   40 08 00 00 00 00 48 8b 45 f8 48 8b 55 e8 48 89
  0x00007fea5b0ba4e4:   50 08 48 8d 05 b3 3b 00 00 48 89 c7 e8 3b fb ff


Stack slot to memory mapping:

stack at sp + 0 slots: 0x00007fea391fbda0 is pointing into the stack for thread: 0x00007fea540d9320
stack at sp + 1 slots: 0x00007fe9f8009fb8 points into unknown readable memory: 0x0000000000000000 | 00 00 00 00 00 00 00 00
stack at sp + 2 slots: 0x00007fe9f8018520 points into unknown readable memory: 0x00007fea5a768440 | 40 84 76 5a ea 7f 00 00
stack at sp + 3 slots: 0x00007fea391fd6c0 is pointing into the stack for thread: 0x00007fea540d9320
stack at sp + 4 slots: 0x00007fea5b0bd980: <offset 0x0000000000004980> in /home/geoff/memory-managment-projects/deadlock-interceptor/build/libinspector.so at 0x00007fea5b0b9000
stack at sp + 5 slots: 0x0 is null
stack at sp + 6 slots: 0x00007fea391fbdd0 is pointing into the stack for thread: 0x00007fea540d9320
stack at sp + 7 slots: 0x00007fea5a0159f1: <offset 0x0000000000a159f1> in /usr/lib/jvm/java-25-openjdk/lib/server/libjvm.so at 0x00007fea59600000

Lock stack of current Java thread (top to bottom):


---------------  P R O C E S S  ---------------

Threads class SMR info:
_java_thread_list=0x00007fea0800a960, length=13, elements={
0x00007fea54019390, 0x00007fea540b03a0, 0x00007fea540d0ef0, 0x00007fea540d2950,
0x00007fea540d4280, 0x00007fea540d5b10, 0x00007fea540d7920, 0x00007fea540d9320,
0x00007fea540edea0, 0x00007fea540f0460, 0x00007fea540f7d40, 0x00007fea540f90e0,
0x00007fea080091a0
}
